============================= test session starts ==============================
platform darwin -- Python 3.13.3, pytest-8.4.1, pluggy-1.6.0
rootdir: /Users/annhoward/agentic_sdlc
plugins: anyio-4.9.0, asyncio-1.0.0
asyncio: mode=Mode.STRICT, asyncio_default_fixture_loop_scope=None, asyncio_default_test_loop_scope=function
collected 3 items

tests/test_api.py ...                                                    [100%]

=============================== warnings summary ===============================
tests/test_api.py::test_healthcheck
  /Users/annhoward/agentic_sdlc/app/main.py:11: DeprecationWarning: 
          on_event is deprecated, use lifespan event handlers instead.
  
          Read more about it in the
          [FastAPI docs for Lifespan Events](https://fastapi.tiangolo.com/advanced/events/).
          
    @app.on_event("startup")

tests/test_api.py::test_healthcheck
tests/test_api.py::test_healthcheck
  /Users/annhoward/agentic_sdlc/env/lib/python3.13/site-packages/fastapi/applications.py:4495: DeprecationWarning: 
          on_event is deprecated, use lifespan event handlers instead.
  
          Read more about it in the
          [FastAPI docs for Lifespan Events](https://fastapi.tiangolo.com/advanced/events/).
          
    return self.router.on_event(event_type)

tests/test_api.py::test_healthcheck
  /Users/annhoward/agentic_sdlc/app/main.py:15: DeprecationWarning: 
          on_event is deprecated, use lifespan event handlers instead.
  
          Read more about it in the
          [FastAPI docs for Lifespan Events](https://fastapi.tiangolo.com/advanced/events/).
          
    @app.on_event("shutdown")

-- Docs: https://docs.pytest.org/en/stable/how-to/capture-warnings.html
======================== 3 passed, 4 warnings in 0.63s =========================
